// Jest Snapshot v1, https://goo.gl/fbAQLP

exports[`renders correctly 1`] = `
<View
  style={
    Object {
      "marginHorizontal": 5,
      "marginVertical": 10,
    }
  }
>
  <View
    style={
      Object {
        "paddingHorizontal": 10,
        "width": "100%",
      }
    }
  >
    <View
      collapsable={false}
      nativeID="animatedComponent"
      style={
        Object {
          "alignItems": "center",
          "borderBottomWidth": 1,
          "borderColor": "#86939e",
          "flexDirection": "row",
          "transform": Array [
            Object {
              "translateX": 0,
            },
          ],
        }
      }
    >
      <TextInput
        editable={true}
        onChangeText={[Function]}
        placeholder="Search a stock"
        placeholderTextColor="#86939e"
        style={
          Object {
            "color": "#242424",
            "flex": 1,
            "fontSize": 18,
            "minHeight": 40,
          }
        }
        testID="RNE__Input__text-input"
        underlineColorAndroid="transparent"
        value=""
      />
    </View>
    <Text
      style={
        Object {
          "color": "#ff190c",
          "fontSize": 12,
          "margin": 5,
        }
      }
    />
  </View>
  <View
    style={
      Object {
        "backgroundColor": "white",
        "left": 20,
        "position": "absolute",
        "top": 50,
        "width": "90%",
        "zIndex": 2,
      }
    }
  />
</View>
`;
